// Jest Snapshot v1, https://goo.gl/fbAQLP

exports[`MoviesLikeThis should render correctly 1`] = `
<section
  className="catalog catalog--like-this"
>
  <h2
    className="catalog__title"
  >
    More like this
  </h2>
  <div
    className="catalog__movies-list"
  >
    <article
      className="small-movie-card catalog__movies-card"
      onClick={[Function]}
      onMouseEnter={[Function]}
      onMouseOut={[Function]}
      onMouseOver={[Function]}
    >
      <div
        className="small-movie-card__image"
      >
        <video
          height="175"
          width="280"
        >
          Sorry, your browser doesn't support embedded videos.
        </video>
      </div>
      <h3
        className="small-movie-card__title"
      >
        <a
          className="small-movie-card__link"
          href="movie-page.html"
        >
          Aviator
        </a>
      </h3>
    </article>
  </div>
</section>
`;
