// Jest Snapshot v1, https://goo.gl/fbAQLP

exports[`MoviePageInfo should render correctly 1`] = `
<div
  className="movie-card__wrap movie-card__translate-top"
>
  <div
    className="movie-card__info"
  >
    <div
      className="movie-card__poster movie-card__poster--big"
    >
      <img
        alt="The Grand Budapest Hotel"
        height="327"
        src="img/the-grand-budapest-hotel-poster.jpg"
        width="218"
      />
    </div>
    <div
      className="movie-card__desc"
    >
      <nav
        className="movie-nav movie-card__nav"
      >
        <ul
          className="movie-nav__list"
        >
          <li
            className="movie-nav__item "
          >
            <a
              className="movie-nav__link"
              href="#"
              onClick={[Function]}
            >
              Overview
            </a>
          </li>
          <li
            className="movie-nav__item "
          >
            <a
              className="movie-nav__link"
              href="#"
              onClick={[Function]}
            >
              Details
            </a>
          </li>
          <li
            className="movie-nav__item movie-nav__item--active"
          >
            <a
              className="movie-nav__link"
              href="#"
              onClick={[Function]}
            >
              Reviews
            </a>
          </li>
        </ul>
      </nav>
      <div
        className="movie-card__reviews movie-card__row"
      >
        <div
          className="movie-card__reviews-col"
        >
          <div
            className="review"
          >
            <blockquote
              className="review__quote"
            >
              <p
                className="review__text"
              >
                Discerning travellers and Wes Anderson fans will luxuriate in the glorious Mittel-European kitsch of one of the director's funniest and most exquisitely designed movies in years.
              </p>
              <footer
                className="review__details"
              >
                <cite
                  className="review__author"
                >
                  Kate Muir
                </cite>
                <time
                  className="review__date"
                  dateTime="2019-12-23"
                >
                  December 24, 2019
                </time>
              </footer>
            </blockquote>
            <div
              className="review__rating"
            >
              8,9
            </div>
          </div>
          <div
            className="review"
          >
            <blockquote
              className="review__quote"
            >
              <p
                className="review__text"
              >
                Anderson's films are too precious for some, but for those of us willing to lose ourselves in them, they're a delight. "The Grand Budapest Hotel" is no different, except that he has added a hint of gravitas to the mix, improving the recipe.
              </p>
              <footer
                className="review__details"
              >
                <cite
                  className="review__author"
                >
                  Bill Goodykoontz
                </cite>
                <time
                  className="review__date"
                  dateTime="2015-11-17"
                >
                  November 18, 2015
                </time>
              </footer>
            </blockquote>
            <div
              className="review__rating"
            >
              8,0
            </div>
          </div>
        </div>
        <div
          className="movie-card__reviews-col"
        >
          <div
            className="review"
          >
            <blockquote
              className="review__quote"
            >
              <p
                className="review__text"
              >
                I didn't find it amusing, and while I can appreciate the creativity, it's an hour and 40 minutes I wish I could take back.
              </p>
              <footer
                className="review__details"
              >
                <cite
                  className="review__author"
                >
                  Amanda Greever
                </cite>
                <time
                  className="review__date"
                  dateTime="2015-11-17"
                >
                  November 18, 2015
                </time>
              </footer>
            </blockquote>
            <div
              className="review__rating"
            >
              8,0
            </div>
          </div>
        </div>
      </div>
    </div>
  </div>
</div>
`;
