// Jest Snapshot v1, https://goo.gl/fbAQLP

exports[`Should render correctly movies list 1`] = `
<div
  className="catalog__movies-list"
>
  <article
    className="small-movie-card catalog__movies-card"
    onMouseEnter={[Function]}
    onMouseOut={[Function]}
  >
    <a
      className="small-movie-card__link"
      href="/films/189234"
      onClick={[Function]}
    >
      <div
        className="small-movie-card__image"
      >
        <video
          height="175"
          width="280"
        >
          Sorry, your browser doesn't support embedded videos.
        </video>
      </div>
      <h3
        className="small-movie-card__title"
      >
        Fantastic Beasts: The Crimes of Grindelwald
      </h3>
    </a>
  </article>
  <article
    className="small-movie-card catalog__movies-card"
    onMouseEnter={[Function]}
    onMouseOut={[Function]}
  >
    <a
      className="small-movie-card__link"
      href="/films/178345"
      onClick={[Function]}
    >
      <div
        className="small-movie-card__image"
      >
        <video
          height="175"
          width="280"
        >
          Sorry, your browser doesn't support embedded videos.
        </video>
      </div>
      <h3
        className="small-movie-card__title"
      >
        Bohemian Rhapsody
      </h3>
    </a>
  </article>
  <article
    className="small-movie-card catalog__movies-card"
    onMouseEnter={[Function]}
    onMouseOut={[Function]}
  >
    <a
      className="small-movie-card__link"
      href="/films/167456"
      onClick={[Function]}
    >
      <div
        className="small-movie-card__image"
      >
        <video
          height="175"
          width="280"
        >
          Sorry, your browser doesn't support embedded videos.
        </video>
      </div>
      <h3
        className="small-movie-card__title"
      >
        Aviator
      </h3>
    </a>
  </article>
  <article
    className="small-movie-card catalog__movies-card"
    onMouseEnter={[Function]}
    onMouseOut={[Function]}
  >
    <a
      className="small-movie-card__link"
      href="/films/156567"
      onClick={[Function]}
    >
      <div
        className="small-movie-card__image"
      >
        <video
          height="175"
          width="280"
        >
          Sorry, your browser doesn't support embedded videos.
        </video>
      </div>
      <h3
        className="small-movie-card__title"
      >
        Shutter Island
      </h3>
    </a>
  </article>
</div>
`;
