// Jest Snapshot v1, https://goo.gl/fbAQLP

exports[`Should render correctly movie card 1`] = `
<article
  className="small-movie-card catalog__movies-card"
  onClick={[Function]}
  onMouseEnter={[Function]}
  onMouseOut={[Function]}
>
  <div
    className="small-movie-card__image"
  >
    <video
      height="175"
      width="280"
    >
      Sorry, your browser doesn't support embedded videos.
    </video>
  </div>
  <h3
    className="small-movie-card__title"
  >
    <a
      className="small-movie-card__link"
      href="movie-page.html"
    >
      The Grand Budapest Hotel
    </a>
  </h3>
</article>
`;
